// Jest Snapshot v1, https://goo.gl/fbAQLP

exports[`<Box> renders with different styled-system category props 1`] = `
.c0 {
  min-width: 0;
  background-color: #fff;
  display: -webkit-box;
  display: -webkit-flex;
  display: -ms-flexbox;
  display: flex;
  width: 200px;
}

<div
  class="c0"
  display="flex"
  width="200"
>
  <div>
    Test.
  </div>
</div>
`;