// Jest Snapshot v1, https://goo.gl/fbAQLP

exports[`<Image> renders 1`] = `
.c0 {
  display: inline-block;
  font-size: base;
  font-weight: base;
  font-family: sans;
  color: primary.6;
  -webkit-text-decoration: none;
  text-decoration: none;
  cursor: pointer;
}

.c0:hover {
  color: inherit;
}

<a
  class="c0"
  color="primary.6"
  display="inline-block"
  font-family="sans"
  font-size="base"
  font-weight="base"
  href="test"
>
  test
</a>
`;
